// Jest Snapshot v1, https://goo.gl/fbAQLP

exports[`Should render List coutries options 1`] = `
<DocumentFragment>
  <div
    class="container"
  >
    <select
      aria-label="select-country"
      class="form-select form-select-lg my-2 shadow"
    >
      <option
        value="Select a country"
      >
        Select a country
      </option>
    </select>
  </div>
</DocumentFragment>
`;
