// Jest Snapshot v1, https://goo.gl/fbAQLP

exports[`Should render a load message 1`] = `
<DocumentFragment>
  <div
    class="alert alert-info"
  >
    TMX Earth
  </div>
</DocumentFragment>
`;
